     1                                  ;
     2                                  ; -------------------------------------
     3                                  ; -- Overview
     4                                  ; -------------------------------------
     5                                  ;
     6                                  ; This Forth interpreter is a stack-based, threaded system combining code and data
     7                                  ; in a single memory space. Its core is the dictionary, which stores all words
     8                                  ; (variables, constants, and executable primitives) as linked list entries. Each
     9                                  ; word contains pointers to its name, code, and optional data.
    10                                  
    11                                  ; The interpreter has two loops: the outer interpreter reads and parses input,
    12                                  ; managing compilation and execution flow, while the inner interpreter dispatches
    13                                  ; execution by following each word’s code field address (CFA). This design allows
    14                                  ; the system to be self-extending: new words can be defined at runtime, existing
    15                                  ; words can be altered, and the dictionary itself is both program and environment.
    16                                  
    17                                  ; Because this file implements the interpreter in assembly, definitions, variables,
    18                                  ; and primitives exist alongside executable code. With care, new Forth words can
    19                                  ; even execute additional assembly instructions. This powerful flexibility comes
    20                                  ; with complexity: program flow is intertwined with memory layout, initialization,
    21                                  ; and runtime code generation. Comments have been added to help clarify the system.
    22                                  
    23                                  ; The Forth dictionary is the heart of the interpreter: a self-describing mix of
    24                                  ; memory, code, and data, powering the two main loops. Each entry has four fields:
    25                                  
    26                                  ; +------+----------------------------------------------+
    27                                  ; | Field| Description                                  |
    28                                  ; +------+----------------------------------------------+
    29                                  ; | LFA  | Link Field Address: pointer to previous word |
    30                                  ; | NFA  | Name Field Address: pointer to word’s name   |
    31                                  ; | CFA  | Code Field Address: pointer to executable    |
    32                                  ; | DFA  | Data Field Address: variable/constant value  |
    33                                  ; +------+----------------------------------------------+
    34                                  
    35                                  ; The system runs by traversing these entries and executing code via the CFA.
    36                                  
    37                                  ; The system relies on 
    38                                  ; +-----------+-------------------------------+
    39                                  ; | Helper    | Description                   |
    40                                  ; +-----------+-------------------------------+
    41                                  ; | getchar   | read a character from input   |
    42                                  ; | outchar   | write a character to output   |
    43                                  ; | docolon   | execute a colon-defined word  |
    44                                  ; | dovar     | handle variable access        |
    45                                  ; | doconst   | handle constant access        |
    46                                  ; | next      | inner interpreter loop        |
    47                                  ; +-----------+-------------------------------+
    48                                  
    49                                  ; These, together with Forth Dictionary Words, form the complete system.
    50                                  
    51                                  ; +-------------------------------------------------------------------+
    52                                  ; | Forth Dictionary Words                                            |
    53                                  ; +---------+-----------+----------+-----------+----------+-----------+
    54                                  ; | state   | >in       | #tib     | dp        | base     | last      |
    55                                  ; | tib     | abort     | ,        | lit       | rot      | drop      |
    56                                  ; | dup     | swap      | +        | =         | @        | !         |
    57                                  ; | 0branch | branch    | execute  | exit      | count    | >number   |
    58                                  ; | accept  | word      | emit     | find      | :        | ;         |
    59                                  ; | (;code) | constant  | interpret|           |          |           |
    60                                  ; +---------+-----------+----------+-----------+----------+-----------+
    61                                  
    62                                  
    63                                  ; -------------------------------------
    64                                  ; -- Program Entry Point
    65                                  ; -------------------------------------
    66                                  
    67                                  org 0100h
    68 00000000 EB54                    jmp cfa_abort+2     ; jump to abort code start (initialize the program)
    69                                  
    70                                  
    71                                  ; -------------------------------------
    72                                  ; -- Forth Variables: all Forth words
    73                                  ; -------------------------------------
    74                                  
    75                                  ; ---------
    76                                  ; -- Dictionary Words: state, to_in [>in], ntib [#tib], dp, base, last, tib
    77                                  ; -- Core Variables
    78                                  ; ---------
    79                                  
    80                                                                          ; state
    81 00000002 0000                    lfa_state:          dw 0
    82 00000004 057374617465            nfa_state:          db 5,'state'
    83 0000000A [FC02]                  cfa_state:          dw dovar
    84 0000000C 0000                    dfa_state:          dw 0
    85                                  
    86                                                                          ; to_in [>in]
    87 0000000E [0200]                  lfa_to_in:          dw lfa_state
    88 00000010 033E696E                nfa_to_in:          db 3,'>in'
    89 00000014 [FC02]                  cfa_to_in:          dw  dovar
    90 00000016 0000                    dfa_to_in:          dw 0
    91                                  
    92                                                                          ; ntib [#tib]
    93 00000018 [0E00]                  lfa_ntib:           dw lfa_to_in
    94 0000001A 0423746962              nfa_ntib:           db 4,'#tib'
    95 0000001F [FC02]                  cfa_ntib:           dw  dovar
    96 00000021 0000                    dfa_ntib:           dw 0
    97                                  
    98                                                                          ; dp
    99 00000023 [1800]                  lfa_dp:             dw lfa_ntib
   100 00000025 026470                  nfa_dp:             db 2,'dp'
   101 00000028 [FC02]                  cfa_dp:             dw  dovar
   102 0000002A [D203]                  dfa_dp:             dw freemem
   103                                  
   104                                                                          ; base
   105 0000002C [2300]                  lfa_base:           dw lfa_dp
   106 0000002E 0462617365              nfa_base:           db 4,'base'
   107 00000033 [FC02]                  cfa_base:           dw  dovar
   108 00000035 0A00                    dfa_base:           dw 10
   109                                  
   110                                                                          ; last
   111 00000037 [2C00]                  lfa_last:           dw lfa_base
   112 00000039 046C617374              nfa_last:           db 4,'last'
   113 0000003E [FC02]                  cfa_last:           dw  dovar
   114 00000040 [4003]                  dfa_last:           dw final
   115                                  
   116                                                                          ; tib
   117 00000042 [3700]                  lfa_tib:            dw lfa_last
   118 00000044 03746962                nfa_tib:            db 3,'tib'
   119 00000048 [3903]                  cfa_tib:            dw  doconst
   120 0000004A 0080                    dfa_tib:            dw 32768
   121                                  
   122                                  ; Forth word chain: 0 <- state <- to_in [>in] <- ntib [#tib] <- dp <- base <- last <- tib
   123                                  
   124                                  ; -------------------------------------
   125                                  ; -- System Primitives: all Forth words
   126                                  ; -------------------------------------
   127                                  ; The following entries define foundational primitives required to initialize
   128                                  ; the Forth environment and support early runtime operations.
   129                                  
   130                                  ; ---------
   131                                  ; -- Dictionary Word: abort
   132                                  ; -- System Initialization Primitive
   133                                  ; ---------
   134                                  
   135                                                                          ; abort
   136 0000004C [4200]                  lfa_abort:          dw lfa_tib
   137 0000004E 0561626F7274            nfa_abort:          db 5,'abort'
   138 00000054 [5600]                  cfa_abort:          dw $+2
   139                                  
   140 00000056 A1[2100]                                    mov ax,word[dfa_ntib]       ; load value in #tib (0 to start)
   141 00000059 A3[1600]                                    mov word[dfa_to_in],ax      ; Sets >in the value in #tib
   142 0000005C 31ED                                        xor bp,bp                   ; clear bp (used to move 0 into state)
   143 0000005E 892E[0C00]                                  mov word[dfa_state],bp      ; sets state to 0 (enter interpret mode)
   144 00000062 BC00FF                                      mov sp,-256                 ; reserves a 256-byte stack from top of segment           
   145 00000065 BE[4E03]                                    mov si,cfa_interpret+2      ; set si to interpreter code start
   146 00000068 E98400                                      jmp next                    ; jump to inner interpreter’s dispatch loop
   147                                  
   148                                  ; ---------
   149                                  ; -- Dictionary Words: comma [,] , lit
   150                                  ; -- Compilation Primitives
   151                                  ; ---------
   152                                  
   153                                                                          ; comma [,]
   154 0000006B [4C00]                  lfa_comma:          dw lfa_abort
   155 0000006D 012C                    nfa_comma:          db 1,','
   156 0000006F [7100]                  cfa_comma:          dw $+2
   157                                  
   158 00000071 8B3E[2A00]                                  mov di,word[dfa_dp]
   159 00000075 93                                          xchg ax,bx
   160 00000076 AB                                          stosw
   161 00000077 893E[2A00]                                  mov word[dfa_dp],di
   162 0000007B 5B                                          pop bx
   163 0000007C EB71                                        jmp next
   164                                  
   165                                                                          ; lit
   166 0000007E [6B00]                  lfa_lit:            dw lfa_comma
   167 00000080 036C6974                nfa_lit:            db 3,'lit'
   168 00000084 [8600]                  cfa_lit:            dw $+2
   169                                  
   170 00000086 53                                          push bx
   171 00000087 AD                                          lodsw
   172 00000088 93                                          xchg ax,bx
   173 00000089 EB64                                        jmp next
   174                                  
   175                                  ; ---------
   176                                  ; -- Dictionary Words: rot, drop, dup, swap
   177                                  ; -- Stack Primitives
   178                                  ; ---------
   179                                  
   180                                                                          ; rot
   181 0000008B [7E00]                  lfa_rot:            dw lfa_lit
   182 0000008D 03726F74                nfa_rot:            db 3,'rot'
   183 00000091 [9300]                  cfa_rot:            dw $+2
   184                                  
   185 00000093 5A                                          pop dx
   186 00000094 58                                          pop ax
   187 00000095 52                                          push dx
   188 00000096 53                                          push bx
   189 00000097 93                                          xchg ax,bx
   190 00000098 EB55                                        jmp next
   191                                  
   192                                                                          ; drop
   193 0000009A [8B00]                  lfa_drop:           dw lfa_rot
   194 0000009C 0464726F70              nfa_drop:           db 4,'drop'
   195 000000A1 [A300]                  cfa_drop:           dw $+2
   196                                  
   197 000000A3 5B                                          pop bx
   198 000000A4 EB49                                        jmp next
   199                                  
   200                                                                          ; dup
   201 000000A6 [9A00]                  lfa_dup:            dw lfa_drop
   202 000000A8 03647570                nfa_dup:            db 3,'dup'
   203 000000AC [AE00]                  cfa_dup:            dw $+2
   204                                  
   205 000000AE 53                                          push bx
   206 000000AF EB3E                                        jmp next
   207                                  
   208                                                                          ; swap
   209 000000B1 [A600]                  lfa_swap:           dw lfa_dup
   210 000000B3 0473776170              nfa_swap:           db 4,'swap'
   211 000000B8 [BA00]                  cfa_swap:           dw $+2
   212                                  
   213 000000BA 58                                          pop ax
   214 000000BB 53                                          push bx
   215 000000BC 93                                          xchg ax,bx
   216 000000BD EB30                                        jmp next
   217                                  
   218                                  ; ---------
   219                                  ; -- Dictionary Words: plus [+], equals [=]
   220                                  ; -- Math and Logic Primitives
   221                                  ; ---------
   222                                  
   223                                                                          ; plus [+]
   224 000000BF [B100]                  lfa_plus:           dw lfa_swap
   225 000000C1 012B                    nfa_plus:           db 1,'+'
   226 000000C3 [C500]                  cfa_plus:           dw $+2
   227                                  
   228 000000C5 58                                          pop ax
   229 000000C6 01C3                                        add bx,ax
   230 000000C8 EB25                                        jmp next
   231                                  
   232                                                                          ; equals [=]
   233 000000CA [BF00]                  lfa_equals:         dw lfa_plus
   234 000000CC 013D                    nfa_equals:         db 1,'='
   235 000000CE [D000]                  cfa_equals:         dw $+2
   236                                  
   237 000000D0 58                                          pop ax
   238 000000D1 29C3                                        sub bx,ax
   239 000000D3 83EB01                                      sub bx,1
   240 000000D6 19DB                                        sbb bx,bx
   241 000000D8 EB15                                        jmp next
   242                                  
   243                                  ; ---------
   244                                  ; -- Dictionary Words: fetch [@], store [!]
   245                                  ; -- Memory Access Primitives
   246                                  ; ---------
   247                                  
   248                                                                          ; fetch [!]
   249 000000DA [CA00]                  lfa_fetch:          dw lfa_equals
   250 000000DC 0140                    nfa_fetch:          db 1,'@'
   251 000000DE [E000]                  cfa_fetch:          dw $+2
   252                                  
   253 000000E0 8B1F                                        mov bx,word[bx]
   254 000000E2 EB0B                                        jmp next
   255                                  
   256                                                                          ; store [!]
   257 000000E4 [DA00]                  lfa_store:          dw lfa_fetch
   258 000000E6 0121                    nfa_store:          db 1,'!'
   259 000000E8 [EA00]                  cfa_store:          dw $+2
   260                                  
   261 000000EA 8F07                                        pop word[bx]
   262 000000EC 5B                                          pop bx
   263 000000ED EB00                                        jmp next
   264                                  
   265                                  ; Forth word chain after variables added:
   266                                  ;   0 <- state <- to_in [>in] <- ntib [#tib] <- dp <- base <- last <- tib
   267                                  ;   <- abort <- comma [,] <- lit <- rot <- drop <- dup <- swap <- plus [+]
   268                                  ;   <- equals [=] <- fetch [@] <- store [!]
   269                                  
   270                                  ; -------------------------------------
   271                                  ; -- Inner Interpreter (next)
   272                                  ; -- Forth Fetch-and-Execute Loop
   273                                  ; -------------------------------------
   274                                  
   275                                  ; --------------------------------------------------------------------
   276                                  ; This is the classic indirect threaded Forth inner interpreter, called “next.”
   277                                  ; Each Forth word’s definition consists of a list of code field addresses (cfa).
   278                                  ; next repeatedly fetches the next cfa and executes the code it points to.
   279                                  ;
   280                                  ; Each word’s code executes, then typically returns to next to process the next cfa.
   281                                  ; This dispatch loop is the core of the Forth execution model.
   282                                  ;
   283                                  ; Startup behavior:
   284                                  ;   si is initialized to cfa_interpret+2 and execution jumps to next.
   285                                  ;   This skips fetching interpret’s own cfa.
   286                                  ;   The first lodsw fetches the cfa of the first word in interpret’s thread
   287                                  ;   and jumps to it, entering the interpreter loop directly.
   288                                  ;
   289                                  ; The next routine appears here among the word definitions because it is
   290                                  ; part of the runtime environment and is referenced like any other word.
   291                                  ; Placing it here allows references to its address to be resolved during the build
   292                                  ; and ensures it participates in the threaded code sequence.
   293                                  ; --------------------------------------------------------------------
   294                                  
   295 000000EF AD                      next:               lodsw               ; load word at [si] into ax, increment si by 2
   296 000000F0 97                                          xchg di,ax          ; di now holds the fetched cfa
   297 000000F1 FF25                                        jmp word[di]        ; indirect jump to the cfa
   298                                  
   299                                  ; -------------------------------------
   300                                  ; -- Interpreter-Dependent Primitives
   301                                  ; -- Require the inner interpreter to execute via cfa
   302                                  ; -------------------------------------
   303                                  ; These primitives rely on the inner interpreter being active to fetch
   304                                  ; and execute code field addresses (cfa) of words.
   305                                  
   306                                  ; ---------
   307                                  ; -- Dictionary words: zero_branch [0branch], branch, execute, exit
   308                                  ; -- Colon Flow Control Primitives
   309                                  ; ---------
   310                                  ; Defines primitives that manage flow within colon definitions, such as
   311                                  ; branching and looping constructs.
   312                                  
   313                                                                          ; zero_branch [0branch]
   314 000000F3 [E400]                  lfa_zero_branch:    dw lfa_store
   315 000000F5 07306272616E6368        nfa_zero_branch:    db 7,'0branch'
   316 000000FD [FF00]                  cfa_zero_branch:    dw $+2
   317                                  
   318 000000FF AD                                          lodsw
   319 00000100 85DB                                        test bx,bx
   320 00000102 7501                                        jne zerob_z
   321 00000104 96                                          xchg ax,si
   322 00000105 5B                      zerob_z:            pop bx
   323 00000106 EBE7                                        jmp next
   324                                  
   325                                                                          ; branch
   326 00000108 [F300]                  lfa_branch:         dw lfa_zero_branch
   327 0000010A 066272616E6368          nfa_branch:         db 6,'branch'
   328 00000111 [1301]                  cfa_branch:         dw $+2
   329                                  
   330 00000113 8B34                                        mov si,word[si]
   331 00000115 EBD8                                        jmp next
   332                                  
   333                                                                          ; execute
   334 00000117 [0801]                  lfa_execute:        dw lfa_branch
   335 00000119 0765786563757465        nfa_execute:        db 7,'execute'
   336 00000121 [2301]                  cfa_execute:        dw $+2
   337                                  
   338 00000123 89DF                                        mov di,bx
   339 00000125 5B                                          pop bx
   340 00000126 FF25                                        jmp word[di]
   341                                  
   342                                                                          ; exit
   343 00000128 [1701]                  lfa_exit:           dw lfa_execute
   344 0000012A 0465786974              nfa_exit:           db 4,'exit'
   345 0000012F [3101]                  cfa_exit:           dw $+2
   346                                  
   347 00000131 8B7600                                      mov si,word[bp]
   348 00000134 45                                          inc bp
   349 00000135 45                                          inc bp
   350 00000136 EBB7                                        jmp next
   351                                  
   352                                  ; ---------
   353                                  ; -- Dictionary words: count, to_number [>number]
   354                                  ; -- String Primitives
   355                                  ; ---------
   356                                  
   357                                                                          ; count
   358 00000138 [2801]                  lfa_count:          dw lfa_exit
   359 0000013A 05636F756E74            nfa_count:          db 5,'count'
   360 00000140 [4201]                  cfa_count:          dw $+2
   361                                  
   362 00000142 43                                          inc bx
   363 00000143 53                                          push bx
   364 00000144 8A5FFF                                      mov bl,byte[bx-1]
   365 00000147 B700                                        mov bh,0
   366 00000149 EBA4                                        jmp next
   367                                  
   368                                                                          ; to_number [>number]
   369 0000014B [3801]                  lfa_to_number:      dw lfa_count
   370 0000014D 073E6E756D626572        nfa_to_number:      db 7,'>number'
   371 00000155 [5701]                  cfa_to_number:      dw $+2
   372                                  
   373 00000157 5F                                          pop di
   374 00000158 59                                          pop cx
   375 00000159 58                                          pop ax
   376 0000015A 85DB                    to_numl:            test bx,bx
   377 0000015C 7433                                        je to_numz
   378 0000015E 50                                          push ax
   379 0000015F 8A05                                        mov al,byte[di]
   380 00000161 3C61                                        cmp al,'a'
   381 00000163 7202                                        jc to_nums
   382 00000165 2C20                                        sub al,32
   383 00000167 3C3A                    to_nums:            cmp al,'9'+1
   384 00000169 7206                                        jc to_numg
   385 0000016B 3C41                                        cmp al,'A'
   386 0000016D 7223                                        jc to_numh
   387 0000016F 2C07                                        sub al,7
   388 00000171 2C30                    to_numg:            sub al,48
   389 00000173 B400                                        mov ah,0
   390 00000175 3A06[3500]                                  cmp al,byte[dfa_base]
   391 00000179 7317                                        jnc to_numh
   392 0000017B 92                                          xchg ax,dx
   393 0000017C 58                                          pop ax
   394 0000017D 52                                          push dx
   395 0000017E 91                                          xchg ax,cx
   396 0000017F F726[3500]                                  mul word[dfa_base]
   397 00000183 91                                          xchg ax,cx
   398 00000184 F726[3500]                                  mul word[dfa_base]
   399 00000188 01D1                                        add cx,dx
   400 0000018A 5A                                          pop dx
   401 0000018B 01D0                                        add ax,dx
   402 0000018D 4B                                          dec bx
   403 0000018E 47                                          inc di
   404 0000018F EBC9                                        jmp to_numl
   405 00000191 50                      to_numz:            push ax
   406 00000192 51                      to_numh:            push cx
   407 00000193 57                                          push di
   408 00000194 E958FF                                      jmp next
   409                                  
   410                                  ; ---------
   411                                  ; -- Dictionary words: accept, word, emit
   412                                  ; -- Terminal I/O Primitives
   413                                  ; -----------------------
   414                                  
   415                                                                          ; accept
   416 00000197 [4B01]                  lfa_accept:         dw lfa_to_number
   417 00000199 06616363657074          nfa_accept:         db 6,'accept'
   418 000001A0 [A201]                  cfa_accept:         dw $+2
   419                                  
   420 000001A2 5F                                          pop di
   421 000001A3 31C9                                        xor cx,cx
   422 000001A5 E89E00                  acceptl:            call getchar
   423 000001A8 3C08                                        cmp al,8
   424 000001AA 7513                                        jne acceptn
   425 000001AC E319                                        jcxz acceptb
   426 000001AE E89C00                                      call outchar
   427 000001B1 B020                                        mov al,' '
   428 000001B3 E89700                                      call outchar
   429 000001B6 B008                                        mov al,8
   430 000001B8 E89200                                      call outchar
   431 000001BB 49                                          dec cx
   432 000001BC 4F                                          dec di
   433 000001BD EBE6                                        jmp acceptl
   434 000001BF 3C0D                    acceptn:            cmp al,13
   435 000001C1 7412                                        je acceptz
   436 000001C3 39D9                                        cmp cx,bx
   437 000001C5 7507                                        jne accepts
   438 000001C7 B007                    acceptb:            mov al,7
   439 000001C9 E88100                                      call outchar
   440 000001CC EBD7                                        jmp acceptl
   441 000001CE AA                      accepts:            stosb
   442 000001CF 41                                          inc cx
   443 000001D0 E87A00                                      call outchar
   444 000001D3 EBD0                                        jmp acceptl
   445 000001D5 E3F0                    acceptz:            jcxz acceptb
   446 000001D7 B00D                                        mov al,13
   447 000001D9 E87100                                      call outchar
   448 000001DC B00A                                        mov al,10
   449 000001DE E86C00                                      call outchar
   450 000001E1 89CB                                        mov bx,cx
   451 000001E3 E909FF                                      jmp next
   452                                  
   453                                  
   454                                                                          ; word
   455 000001E6 [9701]                  lfa_word:           dw lfa_accept
   456 000001E8 04776F7264              nfa_word:           db 4,'word'
   457 000001ED [EF01]                  cfa_word:           dw $+2
   458                                  
   459 000001EF 8B3E[2A00]                                  mov di,word[dfa_dp]
   460 000001F3 57                                          push di
   461 000001F4 89DA                                        mov dx,bx
   462 000001F6 8B1E[4A00]                                  mov bx,word[dfa_tib]
   463 000001FA 89D9                                        mov cx,bx
   464 000001FC 031E[1600]                                  add bx,word[dfa_to_in]
   465 00000200 030E[2100]                                  add cx,word[dfa_ntib]
   466 00000204 39D9                    wordf:              cmp cx,bx
   467 00000206 7415                                        je wordz
   468 00000208 8A07                                        mov al,byte[bx]
   469 0000020A 43                                          inc bx
   470 0000020B 38D0                                        cmp al,dl
   471 0000020D 74F5                                        je wordf
   472 0000020F 47                      wordc:              inc di
   473 00000210 8805                                        mov byte[di],al
   474 00000212 39D9                                        cmp cx,bx
   475 00000214 7407                                        je wordz
   476 00000216 8A07                                        mov al,byte[bx]
   477 00000218 43                                          inc bx
   478 00000219 38D0                                        cmp al,dl
   479 0000021B 75F2                                        jne wordc
   480 0000021D C6450120                wordz:              mov byte[di+1],32
   481 00000221 A1[2A00]                                    mov ax,word[dfa_dp]
   482 00000224 97                                          xchg ax,di
   483 00000225 29F8                                        sub ax,di
   484 00000227 8805                                        mov byte[di],al
   485 00000229 2B1E[4A00]                                  sub bx,word[dfa_tib]
   486 0000022D 891E[1600]                                  mov word[dfa_to_in],bx
   487 00000231 5B                                          pop bx
   488 00000232 E9BAFE                                      jmp next
   489                                  
   490                                                                          ; emit
   491 00000235 [E601]                  lfa_emit:           dw lfa_word
   492 00000237 04656D6974              nfa_emit:           db 4,'emit'
   493 0000023C [3E02]                  cfa_emit:           dw $+2
   494                                  
   495 0000023E 93                                          xchg ax,bx
   496 0000023F E80B00                                      call outchar
   497 00000242 5B                                          pop bx
   498 00000243 E9A9FE                                      jmp next
   499                                  
   500 00000246 B407                    getchar:            mov ah,7
   501 00000248 CD21                                        int 021h
   502 0000024A B400                                        mov ah,0
   503 0000024C C3                                          ret
   504                                  
   505 0000024D 92                      outchar:            xchg ax,dx
   506 0000024E B402                                        mov ah,2
   507 00000250 CD21                                        int 021h
   508 00000252 C3                                          ret
   509                                  
   510                                  ; ---------
   511                                  ; -- Dictionary word: find
   512                                  ; -- Search Primitive
   513                                  ; -----------------------
   514                                  
   515                                                                          ; find
   516 00000253 [3502]                  lfa_find:           dw lfa_emit
   517 00000255 0466696E64              nfa_find:           db 4,'find'
   518 0000025A [5C02]                  cfa_find:           dw $+2
   519                                  
   520 0000025C BF[4000]                                    mov di,dfa_last
   521 0000025F 57                      findl:              push di
   522 00000260 53                                          push bx
   523 00000261 8A0F                                        mov cl,byte[bx]
   524 00000263 B500                                        mov ch,0
   525 00000265 41                                          inc cx
   526 00000266 8A4502                  findc:              mov al,byte[di+2]
   527 00000269 247F                                        and al,07Fh
   528 0000026B 3A07                                        cmp al,byte[bx]
   529 0000026D 740E                                        je findm
   530 0000026F 5B                                          pop bx
   531 00000270 5F                                          pop di
   532 00000271 8B3D                                        mov di,word[di]
   533 00000273 85FF                                        test di,di
   534 00000275 75E8                                        jne findl
   535 00000277 53                      findnf:             push bx
   536 00000278 31DB                                        xor bx,bx
   537 0000027A E972FE                                      jmp next
   538 0000027D 47                      findm:              inc di
   539 0000027E 43                                          inc bx
   540 0000027F E2E5                                        loop findc
   541 00000281 5B                                          pop bx
   542 00000282 5F                                          pop di
   543 00000283 BB0100                                      mov bx,1
   544 00000286 47                                          inc di
   545 00000287 47                                          inc di
   546 00000288 8A05                                        mov al,byte[di]
   547 0000028A A880                                        test al,080h
   548 0000028C 7502                                        jne findi
   549 0000028E F7DB                                        neg bx
   550 00000290 83E01F                  findi:              and ax,31
   551 00000293 01C7                                        add di,ax
   552 00000295 47                                          inc di
   553 00000296 57                                          push di
   554 00000297 E955FE                                      jmp next
   555                                  
   556                                  ; Forth word chain after primitives added:
   557                                  ;   0 <- state <- to_in [>in] <- ntib [#tib] <- dp <- base <- last <- tib
   558                                  ;   <- abort <- comma [,] <- lit <- rot <- drop <- dup <- swap <- plus [+]
   559                                  ;   <- equals [=] <- fetch [@] <- store [!]
   560                                  ;   <- zero_branch [0branch] <- branch <- execute <- exit <- count
   561                                  ;   <- to_number [>number] <- accept <- word <- emit <- find
   562                                  
   563                                  ; -----------------------
   564                                  ; Colon Definitions
   565                                  ; -- Words for composing other forth words
   566                                  ; -----------------------
   567                                  
   568                                  ; ---------
   569                                  ; -- Dictionary words: colon [:] (colon word), semicolon [;] (colon word)
   570                                  ; -- Composition Delimiters - user facing
   571                                  ; ---------
   572                                  
   573                                                                          ; colon [:]
   574 0000029A [5302]                  lfa_colon:          dw lfa_find
   575 0000029C 013A                    nfa_colon:          db 1,':'
   576 0000029E [AC02]                  cfa_colon:          dw docolon
   577                                  
   578 000002A0 [8400]FFFF[0A00]-                           dw cfa_lit,-1,cfa_state,cfa_store,cfa_create
   578 000002A6 [E800][D602]       
   579 000002AA [0D03]                                      dw cfa_semicode
   580 000002AC 4D                      docolon:            dec bp
   581 000002AD 4D                                          dec bp
   582 000002AE 897600                                      mov word[bp],si
   583 000002B1 8D7502                                      lea si,[di+2]
   584 000002B4 E938FE                                      jmp next
   585                                  
   586                                                                          ; semicolon [;]
   587 000002B7 [9A02]                  lfa_semicolon:      dw lfa_colon
   588 000002B9 813B                    nfa_semicolon:      db 080H+1,';'       ; immediate+name len+string
   589 000002BB [AC02]                  cfa_semicolon:      dw docolon
   590                                  
   591 000002BD [8400][2F01][6F00]-                         dw cfa_lit,cfa_exit,cfa_comma,cfa_lit,0,cfa_state
   591 000002C3 [8400]0000[0A00]   
   592 000002C9 [E800][2F01]                                dw cfa_store,cfa_exit
   593                                  
   594                                  ; ---------
   595                                  ; -- Dictionary words: create (colon word), semicode [(;code)] (primitive)
   596                                  ; -- Low-level Composition functions
   597                                  ; ---------
   598                                  ; These primitives support the implementation of colon definitions and other
   599                                  ; composed words. While they can be invoked directly, they are intended for
   600                                  ; internal use, enabling the creation of new dictionary entries and execution
   601                                  ; of arbitrary code sequences.
   602                                  
   603                                                                          ; create
   604 000002CD [B702]                  lfa_create:         dw lfa_semicolon
   605 000002CF 06637265617465          nfa_create:         db 6,'create'
   606 000002D6 [AC02]                  cfa_create:         dw docolon
   607                                  
   608 000002D8 [2800][DE00][3E00]-                         dw cfa_dp,cfa_fetch,cfa_last,cfa_fetch,cfa_comma
   608 000002DE [DE00][6F00]       
   609 000002E2 [3E00][E800][8400]-                         dw cfa_last,cfa_store,cfa_lit,32,cfa_word,cfa_count
   609 000002E8 2000[ED01][4001]   
   610 000002EE [C300][2800][E800]-                         dw cfa_plus,cfa_dp,cfa_store,cfa_lit,0,cfa_comma
   610 000002F4 [8400]0000[6F00]   
   611 000002FA [0D03]                                      dw cfa_semicode
   612 000002FC 53                      dovar:              push bx
   613 000002FD 8D5D02                                      lea bx,[di+2]
   614 00000300 E9ECFD                                      jmp next
   615                                  
   616                                                                              ; semicode [(;code)]
   617 00000303 [CD02]                  lfa_semicode:       dw lfa_create
   618 00000305 07283B636F646529        nfa_semicode:       db 7,'(;code)'
   619 0000030D [0F03]                  cfa_semicode:       dw $+2
   620                                  
   621 0000030F 8B3E[4000]                                  mov di,word[dfa_last]
   622 00000313 8A4502                                      mov al,byte[di+2]
   623 00000316 83E01F                                      and ax,31
   624 00000319 01C7                                        add di,ax
   625 0000031B 897503                                      mov word[di+3],si
   626 0000031E 8B7600                                      mov si,word[bp]
   627 00000321 45                                          inc bp
   628 00000322 45                                          inc bp
   629 00000323 E9C9FD                                      jmp next
   630                                  
   631                                  ; ---------
   632                                  ; -- Dictionary word: constant (colon word)
   633                                  ; -- Constant Definition
   634                                  ; ---------
   635                                  ; Defines a dictionary entry representing a constant value.
   636                                  
   637                                                                          ; constant
   638 00000326 [0303]                  lfa_constant:       dw lfa_semicode
   639 00000328 08636F6E7374616E74      nfa_constant:       db 8,'constant'
   640 00000331 [AC02]                  cfa_constant:       dw docolon
   641                                  
   642 00000333 [D602][6F00][0D03]                          dw cfa_create,cfa_comma,cfa_semicode
   643 00000339 53                      doconst:            push bx
   644 0000033A 8B5D02                                      mov bx,word[di+2]
   645 0000033D E9AFFD                                      jmp next
   646                                  
   647                                  ; -------------------------------------
   648                                  ; -- Outer Interpreter (interpret)
   649                                  ; -- Core Forth REPL (Process Input, Execute Words, Handle Control Flow)
   650                                  ; -------------------------------------
   651                                  ; The outer interpreter is implemented as an ordinary Forth word whose cfa is the first
   652                                  ; executed when the system starts. si is preloaded with cfa_interpret+2, and control jumps
   653                                  ; to next, which begins executing the threaded code of interpret just like any other word.
   654                                  ; interpret reads input, parses words, manages state (compile vs interpret), and dispatches
   655                                  ; execution through next. It drives the interactive Forth environment.
   656                                  
   657                                  ; ---------
   658                                  ; -- Dictionary Word: interpret (Colon word)
   659                                  ; -- Implements the Outer Interpreter
   660                                  ; ---------
   661                                  
   662                                  final:                                  ; start of the last word's dictionary header
   663                                  
   664                                                                          ; interpret
   665 00000340 [2603]                  lfa_interpret:      dw lfa_constant
   666 00000342 09696E746572707265-     nfa_interpret:      db 9,'interpret'
   666 0000034B 74                 
   667 0000034C [AC02]                  cfa_interpret:      dw docolon
   668                                  
   669                                  ; ---------
   670                                  ; Outer Interpreter Thread: interpt (interpreter)
   671                                  ;
   672                                  ; Entry point of the outer interpreter.
   673                                  ; Reads input into the buffer, sets #tib to the number of characters read,
   674                                  ; and initializes >in for parsing. Prepares the system to scan and interpret words.
   675                                  ; ---------
   676                                  interpt:            
   677                                                      ; Fetch the value of the input buffer length and
   678                                                      ; the current position index within it.
   679 0000034E [1F00][DE00][1400]-                         dw cfa_ntib,cfa_fetch,cfa_to_in,cfa_fetch
   679 00000354 [DE00]             
   680                                  
   681                                                      ; Compare the input buffer length with the current index
   682                                                      ; If they are not equal, more text remains to be processed
   683                                                      ; go get it
   684 00000356 [CE00][FD00][7003]-                         dw cfa_equals,cfa_zero_branch,intpar,cfa_tib
   684 0000035C [4800]             
   685                                  
   686                                                      ; Push 50 onto the stack to tell accept to read up to 50 characters.
   687                                                      ; Store the actual number of characters read into #tib.
   688 0000035E [8400]3200[A001]-                           dw cfa_lit,50,cfa_accept,cfa_ntib,cfa_store
   688 00000364 [1F00][E800]       
   689                                  
   690                                                      ; Reset >in to 0 to start reading from the beginning of the input buffer.
   691 00000368 [8400]0000[1400]-                           dw cfa_lit,0,cfa_to_in,cfa_store
   691 0000036E [E800]             
   692                                  
   693                                  ; ---------
   694                                  ; Parser and immediate word handler: intpar (parser)
   695                                  ;
   696                                  ; This code handles scanning the input buffer for the next word,
   697                                  ; checks if it exists in the dictionary, determines whether it is
   698                                  ; immediate, and executes it or compiles its CFA.
   699                                  ; ---------
   700                                  intpar:
   701                                                      ; Push a space (ascii 32) onto the stack as delimiter.
   702                                                      ; Use the word primitive to scan the input buffer up to that character.
   703                                                      ; After parsing a string, use find to see if it matches a dictionary entry.
   704                                                      ; Duplicate the result flag for further processing.
   705 00000370 [8400]2000[ED01]-                           dw cfa_lit,32,cfa_word,cfa_find,cfa_dup
   705 00000376 [5A02][AC00]       
   706                                  
   707                                                      ; If the flag from 'find' is zero, the string doesn't match any defined word.
   708                                                      ; Otherwise, we have a word match - fetch the interpreter state (interpret/compile)
   709                                                      ; to see whether to interpret or compile it.
   710 0000037A [FD00][9403][0A00]-                         dw cfa_zero_branch,intnf,cfa_state,cfa_fetch
   710 00000380 [DE00]             
   711                                  
   712                                                      ; If the found word is immediate jump to execute it; 
   713                                                      ; otherwise, compile its CFA into the dictionary.
   714 00000382 [CE00][FD00][8E03]-                         dw cfa_equals,cfa_zero_branch,intexc,cfa_comma
   714 00000388 [6F00]             
   715                                  
   716                                                      ; and jump to the end of the interpreter loop, skipping any remaining 
   717                                                      ; checks or compilation steps.
   718 0000038A [1101][CE03]                                dw cfa_branch,intdone
   719                                  
   720                                  ; ---------
   721                                  ; Immediate word executor: intexc (execute immediate)
   722                                  ;
   723                                  ; This code handles the case when a word is marked as immediate.
   724                                  ; It executes the word’s CFA right away, bypassing compilation,
   725                                  ; and then jumps to the end of the interpreter loop.
   726                                  ; ---------
   727                                  intexc:
   728                                                      ; Execute its CFA immediately, then skip the remaining
   729                                                      ; interpreter steps and jump to the end of the loop.
   730 0000038E [2101][1101][CE03]                          dw cfa_execute,cfa_branch,intdone
   731                                  
   732                                  ; ---------
   733                                  ; Number parsing and compilation handling: intnf (not found / number check)
   734                                  ;
   735                                  ; This code handles the case where the scanned string is not a dictionary word.
   736                                  ; It prepares for >number conversion by duplicating and rotating the string,
   737                                  ; splits the counted string into length and text, and attempts numeric conversion.
   738                                  ;
   739                                  ; If the conversion succeeds, control jumps to continue processing (intskip).
   740                                  ; If it fails, the code checks whether we are interpreting or compiling.
   741                                  ; For compilation, it manages the LFA of the current word and restores
   742                                  ; the previous 'last' word in the dictionary to maintain dictionary consistency.
   743                                  ; ---------
   744                                  
   745                                  intnf:
   746                                                      ; It wasn't a word, is it as a number?
   747                                                      ; Duplicate and rotate the string, split length from text,
   748                                                      ; and call >number for conversion.
   749 00000394 [AC00][9100][4001]-                         dw cfa_dup,cfa_rot,cfa_count,cfa_to_number
   749 0000039A [5501]             
   750                                  
   751                                                      ; If >number succeeded (0 from 0branch), continue.
   752                                                      ; Otherwise, check interpreter state to handle conversion error.
   753 0000039C [FD00][BA03][0A00]-                         dw cfa_zero_branch,intskip,cfa_state,cfa_fetch
   753 000003A2 [DE00]             
   754                                  
   755                                                      ; if state is 0, we're intrepreting, jump directly
   756                                                      ; to the conversion error handler, otherwise get the
   757                                                      ; lfa of the word we were trying to compile and set
   758                                                      ; aside a copy of it
   759 000003A4 [FD00][B803][3E00]-                         dw cfa_zero_branch,intnc,cfa_last,cfa_fetch,cfa_dup
   759 000003AA [DE00][AC00]       
   760                                  
   761                                                      ; then restore the dictionary pointer to point to the end of the word we just compiled,
   762                                                      ; ensuring the dictionary remains consistent for subsequent words
   763 000003AE [DE00][3E00][E800]-                         dw cfa_fetch,cfa_last,cfa_store,cfa_dp,cfa_store
   763 000003B4 [2800][E800]       
   764                                  
   765                                  ; ---------
   766                                  ; Number Conversion Error Handler: intnc (conversion failure)
   767                                  ;
   768                                  ; This code is reached whenever a numeric conversion fails, regardless
   769                                  ; of whether the system is in interpretation or compilation mode.
   770                                  ; It calls the abort routine to reset the interpreter state and ensure
   771                                  ; the system remains consistent.
   772                                  ; ---------
   773                                  intnc:
   774                                                      ; Handle failed numeric conversion: reset the system by calling abort.
   775 000003B8 [5400]                                      dw cfa_abort
   776                                  
   777                                  ; ---------
   778                                  ; Post-Number Conversion Handler: intskip (successful conversion)
   779                                  ;
   780                                  ; This code handles the stack cleanup and compilation after a successful
   781                                  ; numeric conversion. It drops the temporary values returned by >number,
   782                                  ; leaving the converted single-precision number on the stack.
   783                                  ; If interpreting, it jumps to continue processing.
   784                                  ; If compiling, it encodes the literal by storing its CFA and the number
   785                                  ; into the dictionary for later execution.
   786                                  ; ---------
   787                                  intskip:
   788                                                      ; Success, drop the temporary address and high word from >number
   789                                                      ; leave the converted number on the stack
   790                                                      ; check interpreter state to decide next action.
   791 000003BA [A100][A100][0A00]-                         dw cfa_drop, cfa_drop, cfa_state, cfa_fetch
   791 000003C0 [DE00]             
   792                                  
   793                                                      ; If interpreting, jump to continue. Otherwise, encode the literal into the dictionary.  
   794 000003C2 [FD00][CE03][8400]-                         dw cfa_zero_branch,intdone,cfa_lit,cfa_lit,cfa_comma  
   794 000003C8 [8400][6F00]       
   795                                  
   796                                                      ; Store the converted number into the current word in the dictionary.  
   797 000003CC [6F00]                                      dw cfa_comma
   798                                  
   799                                  ; ---------
   800                                  ; Interpreter Loop Continuation: intdone
   801                                  ;
   802                                  ; This word marks the end of a single iteration of the outer interpreter.
   803                                  ; It unconditionally jumps back to interpt to fetch and process the next word
   804                                  ; from the input buffer, continuing the REPL loop.
   805                                  ; ---------
   806                                  intdone:
   807                                                      ; Jump back to the start of the outer interpreter loop.
   808 000003CE [1101][4E03]                                dw cfa_branch,interpt
   809                                  
   810                                  ; Final Forth word chain:
   811                                  ;   0 <- state <- to_in [>in] <- ntib [#tib] <- dp <- base <- last <- tib
   812                                  ;   <- abort <- comma [,] <- lit <- rot <- drop <- dup <- swap <- plus [+]
   813                                  ;   <- equals [=] <- fetch [@] <- store [!]
   814                                  ;   <- zero_branch [0branch] <- branch <- execute <- exit <- count
   815                                  ;   <- to_number [>number] <- accept <- word <- emit <- find
   816                                  ;   <- colon [:] <- semicolon [;] <- create [(;code)] <- constant
   817                                  ;   <- interpret
   818                                  
   819                                  
   820                                  freemem:
   821                                  
   822                                  
