     1                                  ; assemble time variable for the head of the linked list of words
     2                                  %define head 0
     3                                  
     4                                  ; immediate mask
     5                                  immediate equ 080h
     6                                  
     7                                  ; Format of the linked list entries
     8                                  
     9                                  ;  LFA         =  LINK FIELD ADDRESS: a pointer to the next DEA
    10                                  ;  NFA         =  NAME FIELD ADDRESS: a pointer to a name buffer
    11                                  ;  CFA         =  CODE FIELD ADDRESS : a pointer to executable code
    12                                  ;  DFA         =  DATA FIELD ADDRESS : a pointer to data, empty for primitives
    13                                  
    14                                  ; macros during dev
    15                                  %macro header 4
    16                                  %%head dw head
    17                                  %define head %%head
    18                                  %strlen %%count %1
    19                                  db %3 + %%count,%1
    20                                  cfa_ %+ %2 dw %4
    21                                  %endmacro
    22                                  
    23                                  %macro primitive 2-3 0
    24                                  header %1,%2,%3,$+2
    25                                  %endmacro
    26                                  
    27                                  %macro colon 2-3 0
    28                                  header %1,%2,%3,docolon
    29                                  %endmacro
    30                                  
    31                                  %macro constant 3
    32                                  header %1,%2,0,doconst
    33                                  dfa_ %+ %2 dw %3
    34                                  %endmacro
    35                                  
    36                                  %macro variable 3
    37                                  header %1,%2,0,dovar
    38                                  dfa_ %+ %2 dw %3
    39                                  %endmacro
    40                                  
    41                                  ; this is a dos com, set origin to 100h and just to 
    42                                                      org 0100h
    43 00000000 EB54                                        jmp cfa_abort+2
    44                                  
    45                                  ; -------------------
    46                                  ; Forth Variables
    47                                  ; -------------------
    48                                   
    49                                  ; | Name  | Description                                          |
    50                                  ; | ----- | ---------------------------------------------------- |
    51                                  ; | state | Current interpreter state                            |
    52                                  ; | >in   | Input buffer index / current parse position          |
    53                                  ; | #tib  | Number of characters in the input buffer             |
    54                                  ; | dp    | Data pointer for dictionary or memory allocation     |
    55                                  ; | base  | Numeric base for number parsing/output               |
    56                                  ; | last  | Most recently compiled word or last dictionary entry |
    57                                  
    58                                  ; forth word - state
    59 00000002 0000                    lfa_state:          dw 0
    60 00000004 057374617465            nfa_state:          db 5,'state'
    61 0000000A [FC02]                  cfa_state:          dw dovar
    62 0000000C 0000                    dfa_state:          dw 0
    63                                  
    64                                  ; forth word - >in
    65 0000000E [0200]                  lfa_to_in:          dw lfa_state
    66 00000010 033E696E                nfa_to_in:          db 3,'>in'
    67 00000014 [FC02]                  cfa_to_in:          dw  dovar
    68 00000016 0000                    dfa_to_in:          dw 0
    69                                  
    70                                  ; forth word - #tib
    71 00000018 [0E00]                  lfa_ntib:           dw lfa_to_in
    72 0000001A 0423746962              nfa_ntib:           db 4,'#tib'
    73 0000001F [FC02]                  cfa_ntib:           dw  dovar
    74 00000021 0000                    dfa_ntib:           dw 0
    75                                  
    76                                  ; forth word - dp
    77 00000023 [1800]                  lfa_dp:             dw lfa_ntib
    78 00000025 026470                  nfa_dp:             db 2,'dp'
    79 00000028 [FC02]                  cfa_dp:             dw  dovar
    80 0000002A [D203]                  dfa_dp:             dw freemem
    81                                  
    82                                  ; forth word - base
    83 0000002C [2300]                  lfa_base:           dw lfa_dp
    84 0000002E 0462617365              nfa_base:           db 4,'base'
    85 00000033 [FC02]                  cfa_base:           dw  dovar
    86 00000035 0A00                    dfa_base:           dw 10
    87                                  
    88                                  ; forth word - last
    89 00000037 [2C00]                  lfa_last:           dw lfa_base
    90 00000039 046C617374              nfa_last:           db 4,'last'
    91 0000003E [FC02]                  cfa_last:           dw  dovar
    92 00000040 [4003]                  dfa_last:           dw final
    93                                  
    94                                  ; forth word - tib
    95 00000042 [3700]                  lfa_tib:            dw lfa_last
    96 00000044 03746962                nfa_tib:            db 3,'tib'
    97 00000048 [3903]                  cfa_tib:            dw  doconst
    98 0000004A 0080                    dfa_tib:            dw 32768
    99                                  
   100                                  ;----------------------------------------------------
   101                                  ; System Foundational Primitives
   102                                  ;   Needed to initialize the Forth environment and 
   103                                  ;   support early runtime operations
   104                                  ;----------------------------------------------------
   105                                  ; -------------------
   106                                  ; Abort Primitive - Forth System Initialization Word
   107                                  ; -------------------
   108                                  
   109                                  ; forth word - abort (primitive)
   110 0000004C [4200]                  lfa_abort:          dw lfa_tib     ; prev-link
   111 0000004E 0561626F7274            nfa_abort:          db 5,'abort'    ; name len+string
   112 00000054 [5600]                  cfa_abort:          dw $+2          ; xt
   113                                  
   114 00000056 A1[2100]                                    mov ax,word[dfa_ntib]
   115 00000059 A3[1600]                                    mov word[dfa_to_in],ax
   116 0000005C 31ED                                        xor bp,bp
   117 0000005E 892E[0C00]                                  mov word[dfa_state],bp
   118 00000062 BC00FF                                      mov sp,-256
   119 00000065 BE[4E03]                                    mov si,cfa_interpret+2
   120 00000068 E98400                                      jmp next
   121                                  
   122                                  ; -------------------
   123                                  ; Compilation Primitives - Forth Dictionary Storage and Literal Embedding Words
   124                                  ; -------------------
   125                                  
   126                                  ; forth word - comma (primitive)
   127 0000006B [4C00]                  lfa_comma:          dw lfa_abort     ; prev-link
   128 0000006D 012C                    nfa_comma:          db 1,','        ; name len+string
   129 0000006F [7100]                  cfa_comma:          dw $+2          ; xt
   130                                  
   131 00000071 8B3E[2A00]                                  mov di,word[dfa_dp]
   132 00000075 93                                          xchg ax,bx
   133 00000076 AB                                          stosw
   134 00000077 893E[2A00]                                  mov word[dfa_dp],di
   135 0000007B 5B                                          pop bx
   136 0000007C EB71                                        jmp next
   137                                  
   138                                  ; forth word - lit (primitive)
   139 0000007E [6B00]                  lfa_lit:            dw lfa_comma     ; prev-link
   140 00000080 036C6974                nfa_lit:            db 3,'lit'    ; name len+string
   141 00000084 [8600]                  cfa_lit:            dw $+2          ; xt
   142                                  
   143 00000086 53                                          push bx
   144 00000087 AD                                          lodsw
   145 00000088 93                                          xchg ax,bx
   146 00000089 EB64                                        jmp next
   147                                  
   148                                  ; set defined head to last primitive expanded during dev
   149                                  %define head lfa_lit
   150                                  
   151                                  ; -------------------
   152                                  ; Stack Primitives - Forth Stack Manipulation Words
   153                                  ; -------------------
   154                                  
   155                                          primitive 'rot',rote
    24                              <1> header %1,%2,%3,$+2
    16 0000008B [7E00]              <2> %%head dw head
    17                              <2> %define head %%head
    18                              <2> %strlen %%count %1
    19 0000008D 03726F74            <2> db %3 + %%count,%1
    20 00000091 [9300]              <2> cfa_ %+ %2 dw %4
   156 00000093 5A                              pop dx
   157 00000094 58                              pop ax
   158 00000095 52                              push dx
   159 00000096 53                              push bx
   160 00000097 93                              xchg ax,bx
   161 00000098 EB55                            jmp next
   162                                  
   163                                          primitive 'drop',drop
    24                              <1> header %1,%2,%3,$+2
    16 0000009A [8B00]              <2> %%head dw head
    17                              <2> %define head %%head
    18                              <2> %strlen %%count %1
    19 0000009C 0464726F70          <2> db %3 + %%count,%1
    20 000000A1 [A300]              <2> cfa_ %+ %2 dw %4
   164 000000A3 5B                              pop bx
   165 000000A4 EB49                            jmp next
   166                                  
   167                                          primitive 'dup',dupe
    24                              <1> header %1,%2,%3,$+2
    16 000000A6 [9A00]              <2> %%head dw head
    17                              <2> %define head %%head
    18                              <2> %strlen %%count %1
    19 000000A8 03647570            <2> db %3 + %%count,%1
    20 000000AC [AE00]              <2> cfa_ %+ %2 dw %4
   168 000000AE 53                              push bx
   169 000000AF EB3E                            jmp next
   170                                  
   171                                          primitive 'swap',swap
    24                              <1> header %1,%2,%3,$+2
    16 000000B1 [A600]              <2> %%head dw head
    17                              <2> %define head %%head
    18                              <2> %strlen %%count %1
    19 000000B3 0473776170          <2> db %3 + %%count,%1
    20 000000B8 [BA00]              <2> cfa_ %+ %2 dw %4
   172 000000BA 58                              pop ax
   173 000000BB 53                              push bx
   174 000000BC 93                              xchg ax,bx
   175 000000BD EB30                            jmp next
   176                                  
   177                                  ; -------------------
   178                                  ; Math and Logic Primitives - Forth Arithmetic and Logical Words
   179                                  ; -------------------
   180                                  
   181                                          primitive '+',plus
    24                              <1> header %1,%2,%3,$+2
    16 000000BF [B100]              <2> %%head dw head
    17                              <2> %define head %%head
    18                              <2> %strlen %%count %1
    19 000000C1 012B                <2> db %3 + %%count,%1
    20 000000C3 [C500]              <2> cfa_ %+ %2 dw %4
   182 000000C5 58                              pop ax
   183 000000C6 01C3                            add bx,ax
   184 000000C8 EB25                            jmp next
   185                                  
   186                                          primitive '=',equals
    24                              <1> header %1,%2,%3,$+2
    16 000000CA [BF00]              <2> %%head dw head
    17                              <2> %define head %%head
    18                              <2> %strlen %%count %1
    19 000000CC 013D                <2> db %3 + %%count,%1
    20 000000CE [D000]              <2> cfa_ %+ %2 dw %4
   187 000000D0 58                              pop ax
   188 000000D1 29C3                            sub bx,ax
   189 000000D3 83EB01                          sub bx,1
   190 000000D6 19DB                            sbb bx,bx
   191 000000D8 EB15                            jmp next
   192                                  
   193                                  ; -------------------
   194                                  ; Memory Access Primitives - Forth Peek and Poke Words
   195                                  ; -------------------
   196                                  
   197                                          primitive '@',fetch
    24                              <1> header %1,%2,%3,$+2
    16 000000DA [CA00]              <2> %%head dw head
    17                              <2> %define head %%head
    18                              <2> %strlen %%count %1
    19 000000DC 0140                <2> db %3 + %%count,%1
    20 000000DE [E000]              <2> cfa_ %+ %2 dw %4
   198 000000E0 8B1F                            mov bx,word[bx]
   199 000000E2 EB0B                            jmp next
   200                                  
   201                                          primitive '!',store 
    24                              <1> header %1,%2,%3,$+2
    16 000000E4 [DA00]              <2> %%head dw head
    17                              <2> %define head %%head
    18                              <2> %strlen %%count %1
    19 000000E6 0121                <2> db %3 + %%count,%1
    20 000000E8 [EA00]              <2> cfa_ %+ %2 dw %4
   202 000000EA 8F07                            pop word[bx]
   203 000000EC 5B                              pop bx
   204 000000ED EB00                            jmp next
   205                                  
   206                                  ;----------------------------------------------------
   207                                  ; Inner Interpreter - Forth Fetch-and-Execute loop
   208                                  ;----------------------------------------------------
   209                                  
   210 000000EF AD                      next    lodsw
   211 000000F0 97                              xchg di,ax
   212 000000F1 FF25                            jmp word[di]
   213                                  
   214                                  ;----------------------------------------------------
   215                                  ; Interpreter-Dependent Primitives
   216                                  ;   Rely on the inner interpreter being in place to
   217                                  ;   execute via code field addresses
   218                                  ;----------------------------------------------------
   219                                  
   220                                  ; -------------------
   221                                  ; Colon Flow Control Primitives - Forth Conditional and Unconditional Execution Words
   222                                  ; -------------------
   223                                  
   224                                          primitive '0branch',zero_branch
    24                              <1> header %1,%2,%3,$+2
    16 000000F3 [E400]              <2> %%head dw head
    17                              <2> %define head %%head
    18                              <2> %strlen %%count %1
    19 000000F5 07306272616E6368    <2> db %3 + %%count,%1
    20 000000FD [FF00]              <2> cfa_ %+ %2 dw %4
   225 000000FF AD                              lodsw
   226 00000100 85DB                            test bx,bx
   227 00000102 7501                            jne zerob_z
   228 00000104 96                              xchg ax,si
   229 00000105 5B                      zerob_z pop bx
   230 00000106 EBE7                            jmp next
   231                                  
   232                                          primitive 'branch',branch
    24                              <1> header %1,%2,%3,$+2
    16 00000108 [F300]              <2> %%head dw head
    17                              <2> %define head %%head
    18                              <2> %strlen %%count %1
    19 0000010A 066272616E6368      <2> db %3 + %%count,%1
    20 00000111 [1301]              <2> cfa_ %+ %2 dw %4
   233 00000113 8B34                            mov si,word[si]
   234 00000115 EBD8                            jmp next
   235                                  
   236                                          primitive 'execute',execute
    24                              <1> header %1,%2,%3,$+2
    16 00000117 [0801]              <2> %%head dw head
    17                              <2> %define head %%head
    18                              <2> %strlen %%count %1
    19 00000119 0765786563757465    <2> db %3 + %%count,%1
    20 00000121 [2301]              <2> cfa_ %+ %2 dw %4
   237 00000123 89DF                            mov di,bx
   238 00000125 5B                              pop bx
   239 00000126 FF25                            jmp word[di]
   240                                  
   241                                          primitive 'exit',exit
    24                              <1> header %1,%2,%3,$+2
    16 00000128 [1701]              <2> %%head dw head
    17                              <2> %define head %%head
    18                              <2> %strlen %%count %1
    19 0000012A 0465786974          <2> db %3 + %%count,%1
    20 0000012F [3101]              <2> cfa_ %+ %2 dw %4
   242 00000131 8B7600                          mov si,word[bp]
   243 00000134 45                              inc bp
   244 00000135 45                              inc bp
   245 00000136 EBB7                            jmp next
   246                                  
   247                                  ; -------------------
   248                                  ; String Primitives - Forth String Words
   249                                  ; -------------------
   250                                  
   251                                          primitive 'count',count
    24                              <1> header %1,%2,%3,$+2
    16 00000138 [2801]              <2> %%head dw head
    17                              <2> %define head %%head
    18                              <2> %strlen %%count %1
    19 0000013A 05636F756E74        <2> db %3 + %%count,%1
    20 00000140 [4201]              <2> cfa_ %+ %2 dw %4
   252 00000142 43                              inc bx
   253 00000143 53                              push bx
   254 00000144 8A5FFF                          mov bl,byte[bx-1]
   255 00000147 B700                            mov bh,0
   256 00000149 EBA4                            jmp next
   257                                  
   258                                          primitive '>number',to_number
    24                              <1> header %1,%2,%3,$+2
    16 0000014B [3801]              <2> %%head dw head
    17                              <2> %define head %%head
    18                              <2> %strlen %%count %1
    19 0000014D 073E6E756D626572    <2> db %3 + %%count,%1
    20 00000155 [5701]              <2> cfa_ %+ %2 dw %4
   259 00000157 5F                              pop di
   260 00000158 59                              pop cx
   261 00000159 58                              pop ax
   262 0000015A 85DB                    to_numl test bx,bx
   263 0000015C 7433                            je to_numz
   264 0000015E 50                              push ax
   265 0000015F 8A05                            mov al,byte[di]
   266 00000161 3C61                            cmp al,'a'
   267 00000163 7202                            jc to_nums
   268 00000165 2C20                            sub al,32
   269 00000167 3C3A                    to_nums cmp al,'9'+1
   270 00000169 7206                            jc to_numg
   271 0000016B 3C41                            cmp al,'A'
   272 0000016D 7223                            jc to_numh
   273 0000016F 2C07                            sub al,7
   274 00000171 2C30                    to_numg sub al,48
   275 00000173 B400                            mov ah,0
   276 00000175 3A06[3500]                      cmp al,byte[dfa_base]
   277 00000179 7317                            jnc to_numh
   278 0000017B 92                              xchg ax,dx
   279 0000017C 58                              pop ax
   280 0000017D 52                              push dx
   281 0000017E 91                              xchg ax,cx
   282 0000017F F726[3500]                      mul word[dfa_base]
   283 00000183 91                              xchg ax,cx
   284 00000184 F726[3500]                      mul word[dfa_base]
   285 00000188 01D1                            add cx,dx
   286 0000018A 5A                              pop dx
   287 0000018B 01D0                            add ax,dx
   288 0000018D 4B                              dec bx
   289 0000018E 47                              inc di
   290 0000018F EBC9                            jmp to_numl
   291 00000191 50                      to_numz push ax
   292 00000192 51                      to_numh push cx
   293 00000193 57                              push di
   294 00000194 E958FF                          jmp next
   295                                  
   296                                  ; -----------------------
   297                                  ; Terminal I/O Primitives - Forth I/O Words
   298                                  ; -----------------------
   299                                  
   300                                          primitive 'accept',accept
    24                              <1> header %1,%2,%3,$+2
    16 00000197 [4B01]              <2> %%head dw head
    17                              <2> %define head %%head
    18                              <2> %strlen %%count %1
    19 00000199 06616363657074      <2> db %3 + %%count,%1
    20 000001A0 [A201]              <2> cfa_ %+ %2 dw %4
   301 000001A2 5F                              pop di
   302 000001A3 31C9                            xor cx,cx
   303 000001A5 E89E00                  acceptl call getchar
   304 000001A8 3C08                            cmp al,8
   305 000001AA 7513                            jne acceptn
   306 000001AC E319                            jcxz acceptb
   307 000001AE E89C00                          call outchar
   308 000001B1 B020                            mov al,' '
   309 000001B3 E89700                          call outchar
   310 000001B6 B008                            mov al,8
   311 000001B8 E89200                          call outchar
   312 000001BB 49                              dec cx
   313 000001BC 4F                              dec di
   314 000001BD EBE6                            jmp acceptl
   315 000001BF 3C0D                    acceptn cmp al,13
   316 000001C1 7412                            je acceptz
   317 000001C3 39D9                            cmp cx,bx
   318 000001C5 7507                            jne accepts
   319 000001C7 B007                    acceptb mov al,7
   320 000001C9 E88100                          call outchar
   321 000001CC EBD7                            jmp acceptl
   322 000001CE AA                      accepts stosb
   323 000001CF 41                              inc cx
   324 000001D0 E87A00                          call outchar
   325 000001D3 EBD0                            jmp acceptl
   326 000001D5 E3F0                    acceptz jcxz acceptb
   327 000001D7 B00D                            mov al,13
   328 000001D9 E87100                          call outchar
   329 000001DC B00A                            mov al,10
   330 000001DE E86C00                          call outchar
   331 000001E1 89CB                            mov bx,cx
   332 000001E3 E909FF                          jmp next
   333                                  
   334                                          primitive 'word',word
    24                              <1> header %1,%2,%3,$+2
    16 000001E6 [9701]              <2> %%head dw head
    17                              <2> %define head %%head
    18                              <2> %strlen %%count %1
    19 000001E8 04776F7264          <2> db %3 + %%count,%1
    20 000001ED [EF01]              <2> cfa_ %+ %2 dw %4
   335 000001EF 8B3E[2A00]                      mov di,word[dfa_dp]
   336 000001F3 57                              push di
   337 000001F4 89DA                            mov dx,bx
   338 000001F6 8B1E[4A00]                      mov bx,word[dfa_tib]
   339 000001FA 89D9                            mov cx,bx
   340 000001FC 031E[1600]                      add bx,word[dfa_to_in]
   341 00000200 030E[2100]                      add cx,word[dfa_ntib]
   342 00000204 39D9                    wordf   cmp cx,bx
   343 00000206 7415                            je wordz
   344 00000208 8A07                            mov al,byte[bx]
   345 0000020A 43                              inc bx
   346 0000020B 38D0                            cmp al,dl
   347 0000020D 74F5                            je wordf
   348 0000020F 47                      wordc   inc di
   349 00000210 8805                            mov byte[di],al
   350 00000212 39D9                            cmp cx,bx
   351 00000214 7407                            je wordz
   352 00000216 8A07                            mov al,byte[bx]
   353 00000218 43                              inc bx
   354 00000219 38D0                            cmp al,dl
   355 0000021B 75F2                            jne wordc
   356 0000021D C6450120                wordz   mov byte[di+1],32
   357 00000221 A1[2A00]                        mov ax,word[dfa_dp]
   358 00000224 97                              xchg ax,di
   359 00000225 29F8                            sub ax,di
   360 00000227 8805                            mov byte[di],al
   361 00000229 2B1E[4A00]                      sub bx,word[dfa_tib]
   362 0000022D 891E[1600]                      mov word[dfa_to_in],bx
   363 00000231 5B                              pop bx
   364 00000232 E9BAFE                          jmp next
   365                                  
   366                                          primitive 'emit',emit
    24                              <1> header %1,%2,%3,$+2
    16 00000235 [E601]              <2> %%head dw head
    17                              <2> %define head %%head
    18                              <2> %strlen %%count %1
    19 00000237 04656D6974          <2> db %3 + %%count,%1
    20 0000023C [3E02]              <2> cfa_ %+ %2 dw %4
   367 0000023E 93                              xchg ax,bx
   368 0000023F E80B00                          call outchar
   369 00000242 5B                              pop bx
   370 00000243 E9A9FE                          jmp next
   371                                  
   372 00000246 B407                    getchar mov ah,7
   373 00000248 CD21                            int 021h
   374 0000024A B400                            mov ah,0
   375 0000024C C3                              ret
   376                                  
   377 0000024D 92                      outchar xchg ax,dx
   378 0000024E B402                            mov ah,2
   379 00000250 CD21                            int 021h
   380 00000252 C3                              ret
   381                                  
   382                                  ; -----------------------
   383                                  ; Search Primitive - Forth Dictionary Lookup Word
   384                                  ; -----------------------
   385                                  
   386                                          primitive 'find',find
    24                              <1> header %1,%2,%3,$+2
    16 00000253 [3502]              <2> %%head dw head
    17                              <2> %define head %%head
    18                              <2> %strlen %%count %1
    19 00000255 0466696E64          <2> db %3 + %%count,%1
    20 0000025A [5C02]              <2> cfa_ %+ %2 dw %4
   387 0000025C BF[4000]                        mov di,dfa_last
   388 0000025F 57                      findl   push di
   389 00000260 53                              push bx
   390 00000261 8A0F                            mov cl,byte[bx]
   391 00000263 B500                            mov ch,0
   392 00000265 41                              inc cx
   393 00000266 8A4502                  findc   mov al,byte[di+2]
   394 00000269 247F                            and al,07Fh
   395 0000026B 3A07                            cmp al,byte[bx]
   396 0000026D 740E                            je findm
   397 0000026F 5B                              pop bx
   398 00000270 5F                              pop di
   399 00000271 8B3D                            mov di,word[di]
   400 00000273 85FF                            test di,di
   401 00000275 75E8                            jne findl
   402 00000277 53                      findnf  push bx
   403 00000278 31DB                            xor bx,bx
   404 0000027A E972FE                          jmp next
   405 0000027D 47                      findm   inc di
   406 0000027E 43                              inc bx
   407 0000027F E2E5                            loop findc
   408 00000281 5B                              pop bx
   409 00000282 5F                              pop di
   410 00000283 BB0100                          mov bx,1
   411 00000286 47                              inc di
   412 00000287 47                              inc di
   413 00000288 8A05                            mov al,byte[di]
   414 0000028A A880                            test al,080h
   415 0000028C 7502                            jne findi
   416 0000028E F7DB                            neg bx
   417 00000290 83E01F                  findi   and ax,31
   418 00000293 01C7                            add di,ax
   419 00000295 47                              inc di
   420 00000296 57                              push di
   421 00000297 E955FE                          jmp next
   422                                  
   423                                  ; -----------------------
   424                                  ; Colon Definitions - Forth Colon Start and End Words
   425                                  ; -----------------------
   426                                  
   427                                          colon ':',colon
    28                              <1> header %1,%2,%3,docolon
    16 0000029A [5302]              <2> %%head dw head
    17                              <2> %define head %%head
    18                              <2> %strlen %%count %1
    19 0000029C 013A                <2> db %3 + %%count,%1
    20 0000029E [AC02]              <2> cfa_ %+ %2 dw %4
   428 000002A0 [8400]FFFF[0A00]-               dw cfa_lit,-1,cfa_state,cfa_store,cfa_create
   428 000002A6 [E800][D602]       
   429 000002AA [0D03]                          dw cfa_do_semi_code
   430 000002AC 4D                      docolon dec bp
   431 000002AD 4D                              dec bp
   432 000002AE 897600                          mov word[bp],si
   433 000002B1 8D7502                          lea si,[di+2]
   434 000002B4 E938FE                          jmp next
   435                                  
   436                                          colon ';',semicolon,immediate
    28                              <1> header %1,%2,%3,docolon
    16 000002B7 [9A02]              <2> %%head dw head
    17                              <2> %define head %%head
    18                              <2> %strlen %%count %1
    19 000002B9 813B                <2> db %3 + %%count,%1
    20 000002BB [AC02]              <2> cfa_ %+ %2 dw %4
   437 000002BD [8400][2F01][6F00]-             dw cfa_lit,cfa_exit,cfa_comma,cfa_lit,0,cfa_state
   437 000002C3 [8400]0000[0A00]   
   438 000002C9 [E800][2F01]                    dw cfa_store,cfa_exit
   439                                  
   440                                  ; -----------------------
   441                                  ; Create and Code Definitions - Forth Low-Level Colon Words
   442                                  ; -----------------------
   443                                  
   444                                          colon 'create',create
    28                              <1> header %1,%2,%3,docolon
    16 000002CD [B702]              <2> %%head dw head
    17                              <2> %define head %%head
    18                              <2> %strlen %%count %1
    19 000002CF 06637265617465      <2> db %3 + %%count,%1
    20 000002D6 [AC02]              <2> cfa_ %+ %2 dw %4
   445 000002D8 [2800][DE00][3E00]-             dw cfa_dp,cfa_fetch,cfa_last,cfa_fetch,cfa_comma
   445 000002DE [DE00][6F00]       
   446 000002E2 [3E00][E800][8400]-             dw cfa_last,cfa_store,cfa_lit,32,cfa_word,cfa_count
   446 000002E8 2000[ED01][4001]   
   447 000002EE [C300][2800][E800]-             dw cfa_plus,cfa_dp,cfa_store,cfa_lit,0,cfa_comma
   447 000002F4 [8400]0000[6F00]   
   448 000002FA [0D03]                          dw cfa_do_semi_code
   449 000002FC 53                      dovar   push bx
   450 000002FD 8D5D02                          lea bx,[di+2]
   451 00000300 E9ECFD                          jmp next
   452                                  
   453                                          primitive '(;code)',do_semi_code
    24                              <1> header %1,%2,%3,$+2
    16 00000303 [CD02]              <2> %%head dw head
    17                              <2> %define head %%head
    18                              <2> %strlen %%count %1
    19 00000305 07283B636F646529    <2> db %3 + %%count,%1
    20 0000030D [0F03]              <2> cfa_ %+ %2 dw %4
   454 0000030F 8B3E[4000]                      mov di,word[dfa_last]
   455 00000313 8A4502                          mov al,byte[di+2]
   456 00000316 83E01F                          and ax,31
   457 00000319 01C7                            add di,ax
   458 0000031B 897503                          mov word[di+3],si
   459 0000031E 8B7600                          mov si,word[bp]
   460 00000321 45                              inc bp
   461 00000322 45                              inc bp
   462 00000323 E9C9FD                          jmp next
   463                                  
   464                                  ; -----------------------
   465                                  ; Constant Definition - Forth Constant Word
   466                                  ; -----------------------
   467                                  
   468                                          colon 'constant',constant
    28                              <1> header %1,%2,%3,docolon
    16 00000326 [0303]              <2> %%head dw head
    17                              <2> %define head %%head
    18                              <2> %strlen %%count %1
    19 00000328 08636F6E7374616E74  <2> db %3 + %%count,%1
    20 00000331 [AC02]              <2> cfa_ %+ %2 dw %4
   469 00000333 [D602][6F00][0D03]              dw cfa_create,cfa_comma,cfa_do_semi_code
   470 00000339 53                      doconst push bx
   471 0000033A 8B5D02                          mov bx,word[di+2]
   472 0000033D E9AFFD                          jmp next
   473                                  
   474                                  ; -----------------------
   475                                  ; Outer Interpreter – Forth REPL (Process input, execute words, handle control flow)
   476                                  ; -----------------------
   477                                  
   478                                  final:
   479                                          colon 'interpret',interpret
    28                              <1> header %1,%2,%3,docolon
    16 00000340 [2603]              <2> %%head dw head
    17                              <2> %define head %%head
    18                              <2> %strlen %%count %1
    19 00000342 09696E746572707265- <2> db %3 + %%count,%1
    19 0000034B 74                  <2>
    20 0000034C [AC02]              <2> cfa_ %+ %2 dw %4
   480 0000034E [1F00][DE00][1400]-     interpt dw cfa_ntib,cfa_fetch,cfa_to_in,cfa_fetch
   480 00000354 [DE00]             
   481 00000356 [CE00][FD00][7003]-             dw cfa_equals,cfa_zero_branch,intpar,cfa_tib
   481 0000035C [4800]             
   482 0000035E [8400]3200[A001]-               dw cfa_lit,50,cfa_accept,cfa_ntib,cfa_store
   482 00000364 [1F00][E800]       
   483 00000368 [8400]0000[1400]-               dw cfa_lit,0,cfa_to_in,cfa_store
   483 0000036E [E800]             
   484 00000370 [8400]2000[ED01]-       intpar  dw cfa_lit,32,cfa_word,cfa_find,cfa_dupe
   484 00000376 [5A02][AC00]       
   485 0000037A [FD00][9403][0A00]-             dw cfa_zero_branch,intnf,cfa_state,cfa_fetch
   485 00000380 [DE00]             
   486 00000382 [CE00][FD00][8E03]-             dw cfa_equals,cfa_zero_branch,intexc,cfa_comma
   486 00000388 [6F00]             
   487 0000038A [1101][CE03]                    dw cfa_branch,intdone
   488 0000038E [2101][1101][CE03]      intexc  dw cfa_execute,cfa_branch,intdone
   489 00000394 [AC00][9100][4001]-     intnf   dw cfa_dupe,cfa_rote,cfa_count,cfa_to_number
   489 0000039A [5501]             
   490 0000039C [FD00][BA03][0A00]-             dw cfa_zero_branch,intskip,cfa_state,cfa_fetch
   490 000003A2 [DE00]             
   491 000003A4 [FD00][B803][3E00]-             dw cfa_zero_branch,intnc,cfa_last,cfa_fetch,cfa_dupe
   491 000003AA [DE00][AC00]       
   492 000003AE [DE00][3E00][E800]-             dw cfa_fetch,cfa_last,cfa_store,cfa_dp,cfa_store
   492 000003B4 [2800][E800]       
   493 000003B8 [5400]                  intnc   dw cfa_abort
   494 000003BA [A100][A100][0A00]-     intskip dw cfa_drop, cfa_drop, cfa_state, cfa_fetch
   494 000003C0 [DE00]             
   495 000003C2 [FD00][CE03][8400]-             dw cfa_zero_branch,intdone,cfa_lit,cfa_lit,cfa_comma
   495 000003C8 [8400][6F00]       
   496 000003CC [6F00]                          dw cfa_comma
   497 000003CE [1101][4E03]            intdone dw cfa_branch,interpt
   498                                  
   499                                  freemem:
   500                                  
