     1                                  org 0100h
     2 00000000 EB54                    jmp cfa_abort+2     ; jump to abort code start (initialize the program)
     3 00000002 0000                    lfa_state:          dw 0
     4 00000004 057374617465            nfa_state:          db 5,'state'
     5 0000000A [F902]                  cfa_state:          dw dovar
     6 0000000C 0000                    dfa_state:          dw 0
     7 0000000E [0200]                  lfa_to_in:          dw lfa_state
     8 00000010 033E696E                nfa_to_in:          db 3,'>in'
     9 00000014 [F902]                  cfa_to_in:          dw  dovar
    10 00000016 0000                    dfa_to_in:          dw 0
    11 00000018 [0E00]                  lfa_ntib:           dw lfa_to_in
    12 0000001A 0423746962              nfa_ntib:           db 4,'#tib'
    13 0000001F [F902]                  cfa_ntib:           dw  dovar
    14 00000021 0000                    dfa_ntib:           dw 0
    15 00000023 [1800]                  lfa_dp:             dw lfa_ntib
    16 00000025 026470                  nfa_dp:             db 2,'dp'
    17 00000028 [F902]                  cfa_dp:             dw  dovar
    18 0000002A [E003]                  dfa_dp:             dw freemem
    19 0000002C [2300]                  lfa_base:           dw lfa_dp
    20 0000002E 0462617365              nfa_base:           db 4,'base'
    21 00000033 [F902]                  cfa_base:           dw  dovar
    22 00000035 0A00                    dfa_base:           dw 10
    23 00000037 [2C00]                  lfa_last:           dw lfa_base
    24 00000039 046C617374              nfa_last:           db 4,'last'
    25 0000003E [F902]                  cfa_last:           dw  dovar
    26 00000040 [3D03]                  dfa_last:           dw final
    27 00000042 [3700]                  lfa_tib:            dw lfa_last
    28 00000044 03746962                nfa_tib:            db 3,'tib'
    29 00000048 [3603]                  cfa_tib:            dw  doconst
    30 0000004A 0080                    dfa_tib:            dw 32768
    31 0000004C [4200]                  lfa_abort:          dw lfa_tib
    32 0000004E 0561626F7274            nfa_abort:          db 5,'abort'
    33 00000054 [5600]                  cfa_abort:          dw $+2
    34 00000056 A1[2100]                                    mov ax,word[dfa_ntib]       ; load value in #tib (0 to start)
    35 00000059 A3[1600]                                    mov word[dfa_to_in],ax      ; Sets >in the value in #tib
    36 0000005C 31ED                                        xor bp,bp                   ; clear bp (used to move 0 into state)
    37 0000005E 892E[0C00]                                  mov word[dfa_state],bp      ; sets state to 0 (enter interpret mode)
    38 00000062 BC00FF                                      mov sp,-256                 ; reserves a 256-byte stack from top of segment           
    39 00000065 BE[4B03]                                    mov si,cfa_interpret+2      ; set si to interpreter code start
    40 00000068 E96403                                      jmp next                    ; jump to address interpreter’s dispatch loop
    41 0000006B [4C00]                  lfa_comma:          dw lfa_abort
    42 0000006D 012C                    nfa_comma:          db 1,','
    43 0000006F [7100]                  cfa_comma:          dw $+2
    44 00000071 8B3E[2A00]                                  mov di,word[dfa_dp]
    45 00000075 93                                          xchg ax,bx
    46 00000076 AB                                          stosw
    47 00000077 893E[2A00]                                  mov word[dfa_dp],di
    48 0000007B 5B                                          pop bx
    49 0000007C E95003                                      jmp next
    50 0000007F [6B00]                  lfa_lit:            dw lfa_comma
    51 00000081 036C6974                nfa_lit:            db 3,'lit'
    52 00000085 [8700]                  cfa_lit:            dw $+2
    53 00000087 53                                          push bx
    54 00000088 AD                                          lodsw
    55 00000089 93                                          xchg ax,bx
    56 0000008A E94203                                      jmp next
    57 0000008D [7F00]                  lfa_rot:            dw lfa_lit
    58 0000008F 03726F74                nfa_rot:            db 3,'rot'
    59 00000093 [9500]                  cfa_rot:            dw $+2
    60 00000095 5A                                          pop dx
    61 00000096 58                                          pop ax
    62 00000097 52                                          push dx
    63 00000098 53                                          push bx
    64 00000099 93                                          xchg ax,bx
    65 0000009A E93203                                      jmp next
    66 0000009D [8D00]                  lfa_drop:           dw lfa_rot
    67 0000009F 0464726F70              nfa_drop:           db 4,'drop'
    68 000000A4 [A600]                  cfa_drop:           dw $+2
    69 000000A6 5B                                          pop bx
    70 000000A7 E92503                                      jmp next
    71 000000AA [9D00]                  lfa_dup:            dw lfa_drop
    72 000000AC 03647570                nfa_dup:            db 3,'dup'
    73 000000B0 [B200]                  cfa_dup:            dw $+2
    74 000000B2 53                                          push bx
    75 000000B3 E91903                                      jmp next
    76 000000B6 [AA00]                  lfa_swap:           dw lfa_dup
    77 000000B8 0473776170              nfa_swap:           db 4,'swap'
    78 000000BD [BF00]                  cfa_swap:           dw $+2
    79 000000BF 58                                          pop ax
    80 000000C0 53                                          push bx
    81 000000C1 93                                          xchg ax,bx
    82 000000C2 E90A03                                      jmp next
    83 000000C5 [B600]                  lfa_plus:           dw lfa_swap
    84 000000C7 012B                    nfa_plus:           db 1,'+'
    85 000000C9 [CB00]                  cfa_plus:           dw $+2
    86 000000CB 58                                          pop ax
    87 000000CC 01C3                                        add bx,ax
    88 000000CE E9FE02                                      jmp next
    89 000000D1 [C500]                  lfa_equals:         dw lfa_plus
    90 000000D3 013D                    nfa_equals:         db 1,'='
    91 000000D5 [D700]                  cfa_equals:         dw $+2
    92 000000D7 58                                          pop ax
    93 000000D8 29C3                                        sub bx,ax
    94 000000DA 83EB01                                      sub bx,1
    95 000000DD 19DB                                        sbb bx,bx
    96 000000DF E9ED02                                      jmp next
    97 000000E2 [D100]                  lfa_fetch:          dw lfa_equals
    98 000000E4 0140                    nfa_fetch:          db 1,'@'
    99 000000E6 [E800]                  cfa_fetch:          dw $+2
   100 000000E8 8B1F                                        mov bx,word[bx]
   101 000000EA E9E202                                      jmp next
   102 000000ED [E200]                  lfa_store:          dw lfa_fetch
   103 000000EF 0121                    nfa_store:          db 1,'!'
   104 000000F1 [F300]                  cfa_store:          dw $+2
   105 000000F3 8F07                                        pop word[bx]
   106 000000F5 5B                                          pop bx
   107 000000F6 E9D602                                      jmp next
   108 000000F9 [ED00]                  lfa_zero_branch:    dw lfa_store
   109 000000FB 07306272616E6368        nfa_zero_branch:    db 7,'0branch'
   110 00000103 [0501]                  cfa_zero_branch:    dw $+2
   111 00000105 AD                                          lodsw
   112 00000106 85DB                                        test bx,bx
   113 00000108 7501                                        jne zerob_z
   114 0000010A 96                                          xchg ax,si
   115 0000010B 5B                      zerob_z:            pop bx
   116 0000010C E9C002                                      jmp next
   117 0000010F [F900]                  lfa_branch:         dw lfa_zero_branch
   118 00000111 066272616E6368          nfa_branch:         db 6,'branch'
   119 00000118 [1A01]                  cfa_branch:         dw $+2
   120 0000011A 8B34                                        mov si,word[si]
   121 0000011C E9B002                                      jmp next
   122 0000011F [0F01]                  lfa_execute:        dw lfa_branch
   123 00000121 0765786563757465        nfa_execute:        db 7,'execute'
   124 00000129 [2B01]                  cfa_execute:        dw $+2
   125 0000012B 89DF                                        mov di,bx
   126 0000012D 5B                                          pop bx
   127 0000012E FF25                                        jmp word[di]
   128 00000130 [1F01]                  lfa_exit:           dw lfa_execute
   129 00000132 0465786974              nfa_exit:           db 4,'exit'
   130 00000137 [3901]                  cfa_exit:           dw $+2
   131 00000139 8B7600                                      mov si,word[bp]
   132 0000013C 45                                          inc bp
   133 0000013D 45                                          inc bp
   134 0000013E E98E02                                      jmp next
   135 00000141 [3001]                  lfa_count:          dw lfa_exit
   136 00000143 05636F756E74            nfa_count:          db 5,'count'
   137 00000149 [4B01]                  cfa_count:          dw $+2
   138 0000014B 43                                          inc bx
   139 0000014C 53                                          push bx
   140 0000014D 8A5FFF                                      mov bl,byte[bx-1]
   141 00000150 B700                                        mov bh,0
   142 00000152 E97A02                                      jmp next
   143 00000155 [4101]                  lfa_to_number:      dw lfa_count
   144 00000157 073E6E756D626572        nfa_to_number:      db 7,'>number'
   145 0000015F [6101]                  cfa_to_number:      dw $+2
   146 00000161 5F                                          pop di
   147 00000162 59                                          pop cx
   148 00000163 58                                          pop ax
   149 00000164 85DB                    to_numl:            test bx,bx
   150 00000166 7433                                        je to_numz
   151 00000168 50                                          push ax
   152 00000169 8A05                                        mov al,byte[di]
   153 0000016B 3C61                                        cmp al,'a'
   154 0000016D 7202                                        jc to_nums
   155 0000016F 2C20                                        sub al,32
   156 00000171 3C3A                    to_nums:            cmp al,'9'+1
   157 00000173 7206                                        jc to_numg
   158 00000175 3C41                                        cmp al,'A'
   159 00000177 7223                                        jc to_numh
   160 00000179 2C07                                        sub al,7
   161 0000017B 2C30                    to_numg:            sub al,48
   162 0000017D B400                                        mov ah,0
   163 0000017F 3A06[3500]                                  cmp al,byte[dfa_base]
   164 00000183 7317                                        jnc to_numh
   165 00000185 92                                          xchg ax,dx
   166 00000186 58                                          pop ax
   167 00000187 52                                          push dx
   168 00000188 91                                          xchg ax,cx
   169 00000189 F726[3500]                                  mul word[dfa_base]
   170 0000018D 91                                          xchg ax,cx
   171 0000018E F726[3500]                                  mul word[dfa_base]
   172 00000192 01D1                                        add cx,dx
   173 00000194 5A                                          pop dx
   174 00000195 01D0                                        add ax,dx
   175 00000197 4B                                          dec bx
   176 00000198 47                                          inc di
   177 00000199 EBC9                                        jmp to_numl
   178 0000019B 50                      to_numz:            push ax
   179 0000019C 51                      to_numh:            push cx
   180 0000019D 57                                          push di
   181 0000019E E92E02                                      jmp next
   182 000001A1 [5501]                  lfa_accept:         dw lfa_to_number
   183 000001A3 06616363657074          nfa_accept:         db 6,'accept'
   184 000001AA [AC01]                  cfa_accept:         dw $+2
   185 000001AC 5F                                          pop di
   186 000001AD 31C9                                        xor cx,cx
   187 000001AF E82102                  acceptl:            call getchar
   188 000001B2 3C08                                        cmp al,8
   189 000001B4 7513                                        jne acceptn
   190 000001B6 E319                                        jcxz acceptb
   191 000001B8 E81F02                                      call outchar
   192 000001BB B020                                        mov al,' '
   193 000001BD E81A02                                      call outchar
   194 000001C0 B008                                        mov al,8
   195 000001C2 E81502                                      call outchar
   196 000001C5 49                                          dec cx
   197 000001C6 4F                                          dec di
   198 000001C7 EBE6                                        jmp acceptl
   199 000001C9 3C0D                    acceptn:            cmp al,13
   200 000001CB 7412                                        je acceptz
   201 000001CD 39D9                                        cmp cx,bx
   202 000001CF 7507                                        jne accepts
   203 000001D1 B007                    acceptb:            mov al,7
   204 000001D3 E80402                                      call outchar
   205 000001D6 EBD7                                        jmp acceptl
   206 000001D8 AA                      accepts:            stosb
   207 000001D9 41                                          inc cx
   208 000001DA E8FD01                                      call outchar
   209 000001DD EBD0                                        jmp acceptl
   210 000001DF E3F0                    acceptz:            jcxz acceptb
   211 000001E1 B00D                                        mov al,13
   212 000001E3 E8F401                                      call outchar
   213 000001E6 B00A                                        mov al,10
   214 000001E8 E8EF01                                      call outchar
   215 000001EB 89CB                                        mov bx,cx
   216 000001ED E9DF01                                      jmp next
   217 000001F0 [A101]                  lfa_word:           dw lfa_accept
   218 000001F2 04776F7264              nfa_word:           db 4,'word'
   219 000001F7 [F901]                  cfa_word:           dw $+2
   220 000001F9 8B3E[2A00]                                  mov di,word[dfa_dp]
   221 000001FD 57                                          push di
   222 000001FE 89DA                                        mov dx,bx
   223 00000200 8B1E[4A00]                                  mov bx,word[dfa_tib]
   224 00000204 89D9                                        mov cx,bx
   225 00000206 031E[1600]                                  add bx,word[dfa_to_in]
   226 0000020A 030E[2100]                                  add cx,word[dfa_ntib]
   227 0000020E 39D9                    wordf:              cmp cx,bx
   228 00000210 7415                                        je wordz
   229 00000212 8A07                                        mov al,byte[bx]
   230 00000214 43                                          inc bx
   231 00000215 38D0                                        cmp al,dl
   232 00000217 74F5                                        je wordf
   233 00000219 47                      wordc:              inc di
   234 0000021A 8805                                        mov byte[di],al
   235 0000021C 39D9                                        cmp cx,bx
   236 0000021E 7407                                        je wordz
   237 00000220 8A07                                        mov al,byte[bx]
   238 00000222 43                                          inc bx
   239 00000223 38D0                                        cmp al,dl
   240 00000225 75F2                                        jne wordc
   241 00000227 C6450120                wordz:              mov byte[di+1],32
   242 0000022B A1[2A00]                                    mov ax,word[dfa_dp]
   243 0000022E 97                                          xchg ax,di
   244 0000022F 29F8                                        sub ax,di
   245 00000231 8805                                        mov byte[di],al
   246 00000233 2B1E[4A00]                                  sub bx,word[dfa_tib]
   247 00000237 891E[1600]                                  mov word[dfa_to_in],bx
   248 0000023B 5B                                          pop bx
   249 0000023C E99001                                      jmp next
   250 0000023F [F001]                  lfa_emit:           dw lfa_word
   251 00000241 04656D6974              nfa_emit:           db 4,'emit'
   252 00000246 [4802]                  cfa_emit:           dw $+2
   253 00000248 93                                          xchg ax,bx
   254 00000249 E88E01                                      call outchar
   255 0000024C 5B                                          pop bx
   256 0000024D E97F01                                      jmp next
   257 00000250 [3F02]                  lfa_find:           dw lfa_emit
   258 00000252 0466696E64              nfa_find:           db 4,'find'
   259 00000257 [5902]                  cfa_find:           dw $+2
   260 00000259 BF[4000]                                    mov di,dfa_last
   261 0000025C 57                      findl:              push di
   262 0000025D 53                                          push bx
   263 0000025E 8A0F                                        mov cl,byte[bx]
   264 00000260 B500                                        mov ch,0
   265 00000262 41                                          inc cx
   266 00000263 8A4502                  findc:              mov al,byte[di+2]
   267 00000266 247F                                        and al,07Fh
   268 00000268 3A07                                        cmp al,byte[bx]
   269 0000026A 740E                                        je findm
   270 0000026C 5B                                          pop bx
   271 0000026D 5F                                          pop di
   272 0000026E 8B3D                                        mov di,word[di]
   273 00000270 85FF                                        test di,di
   274 00000272 75E8                                        jne findl
   275 00000274 53                      findnf:             push bx
   276 00000275 31DB                                        xor bx,bx
   277 00000277 E95501                                      jmp next
   278 0000027A 47                      findm:              inc di
   279 0000027B 43                                          inc bx
   280 0000027C E2E5                                        loop findc
   281 0000027E 5B                                          pop bx
   282 0000027F 5F                                          pop di
   283 00000280 BB0100                                      mov bx,1
   284 00000283 47                                          inc di
   285 00000284 47                                          inc di
   286 00000285 8A05                                        mov al,byte[di]
   287 00000287 A880                                        test al,080h
   288 00000289 7502                                        jne findi
   289 0000028B F7DB                                        neg bx
   290 0000028D 83E01F                  findi:              and ax,31
   291 00000290 01C7                                        add di,ax
   292 00000292 47                                          inc di
   293 00000293 57                                          push di
   294 00000294 E93801                                      jmp next
   295 00000297 [5002]                  lfa_colon:          dw lfa_find
   296 00000299 013A                    nfa_colon:          db 1,':'
   297 0000029B [A902]                  cfa_colon:          dw docolon
   298 0000029D [8500]FFFF[0A00]-                           dw cfa_lit,-1,cfa_state,cfa_store,cfa_create
   298 000002A3 [F100][D302]       
   299 000002A7 [0A03]                                      dw cfa_semicode
   300 000002A9 4D                      docolon:            dec bp
   301 000002AA 4D                                          dec bp
   302 000002AB 897600                                      mov word[bp],si
   303 000002AE 8D7502                                      lea si,[di+2]
   304 000002B1 E91B01                                      jmp next
   305 000002B4 [9702]                  lfa_semicolon:      dw lfa_colon
   306 000002B6 813B                    nfa_semicolon:      db 080H+1,';'       ; immediate+name len+string
   307 000002B8 [A902]                  cfa_semicolon:      dw docolon
   308 000002BA [8500][3701][6F00]-                         dw cfa_lit,cfa_exit,cfa_comma,cfa_lit,0,cfa_state
   308 000002C0 [8500]0000[0A00]   
   309 000002C6 [F100][3701]                                dw cfa_store,cfa_exit
   310 000002CA [B402]                  lfa_create:         dw lfa_semicolon
   311 000002CC 06637265617465          nfa_create:         db 6,'create'
   312 000002D3 [A902]                  cfa_create:         dw docolon
   313 000002D5 [2800][E600][3E00]-                         dw cfa_dp,cfa_fetch,cfa_last,cfa_fetch,cfa_comma
   313 000002DB [E600][6F00]       
   314 000002DF [3E00][F100][8500]-                         dw cfa_last,cfa_store,cfa_lit,32,cfa_word,cfa_count
   314 000002E5 2000[F701][4901]   
   315 000002EB [C900][2800][F100]-                         dw cfa_plus,cfa_dp,cfa_store,cfa_lit,0,cfa_comma
   315 000002F1 [8500]0000[6F00]   
   316 000002F7 [0A03]                                      dw cfa_semicode
   317 000002F9 53                      dovar:              push bx
   318 000002FA 8D5D02                                      lea bx,[di+2]
   319 000002FD E9CF00                                      jmp next
   320 00000300 [CA02]                  lfa_semicode:       dw lfa_create
   321 00000302 07283B636F646529        nfa_semicode:       db 7,'(;code)'
   322 0000030A [0C03]                  cfa_semicode:       dw $+2
   323 0000030C 8B3E[4000]                                  mov di,word[dfa_last]
   324 00000310 8A4502                                      mov al,byte[di+2]
   325 00000313 83E01F                                      and ax,31
   326 00000316 01C7                                        add di,ax
   327 00000318 897503                                      mov word[di+3],si
   328 0000031B 8B7600                                      mov si,word[bp]
   329 0000031E 45                                          inc bp
   330 0000031F 45                                          inc bp
   331 00000320 E9AC00                                      jmp next
   332 00000323 [0003]                  lfa_constant:       dw lfa_semicode
   333 00000325 08636F6E7374616E74      nfa_constant:       db 8,'constant'
   334 0000032E [A902]                  cfa_constant:       dw docolon
   335 00000330 [D302][6F00][0A03]                          dw cfa_create,cfa_comma,cfa_semicode
   336 00000336 53                      doconst:            push bx
   337 00000337 8B5D02                                      mov bx,word[di+2]
   338 0000033A E99200                                      jmp next
   339                                  final:                                  ; start of the last word's dictionary header
   340 0000033D [2303]                  lfa_interpret:      dw lfa_constant
   341 0000033F 09696E746572707265-     nfa_interpret:      db 9,'interpret'
   341 00000348 74                 
   342 00000349 [A902]                  cfa_interpret:      dw docolon
   343                                  interpt:            
   344 0000034B [1F00][E600][1400]-                         dw cfa_ntib,cfa_fetch,cfa_to_in,cfa_fetch
   344 00000351 [E600]             
   345 00000353 [D500][0301][6D03]-                         dw cfa_equals,cfa_zero_branch,intpar,cfa_tib
   345 00000359 [4800]             
   346 0000035B [8500]3200[AA01]-                           dw cfa_lit,50,cfa_accept,cfa_ntib,cfa_store
   346 00000361 [1F00][F100]       
   347 00000365 [8500]0000[1400]-                           dw cfa_lit,0,cfa_to_in,cfa_store
   347 0000036B [F100]             
   348                                  intpar:
   349 0000036D [8500]2000[F701]-                           dw cfa_lit,32,cfa_word,cfa_find,cfa_dup
   349 00000373 [5702][B000]       
   350 00000377 [0301][9103][0A00]-                         dw cfa_zero_branch,intnf,cfa_state,cfa_fetch
   350 0000037D [E600]             
   351 0000037F [D500][0301][8B03]-                         dw cfa_equals,cfa_zero_branch,intexc,cfa_comma
   351 00000385 [6F00]             
   352 00000387 [1801][CB03]                                dw cfa_branch,intdone
   353                                  intexc:
   354 0000038B [2901][1801][CB03]                          dw cfa_execute,cfa_branch,intdone
   355                                  intnf:
   356 00000391 [B000][9300][4901]-                         dw cfa_dup,cfa_rot,cfa_count,cfa_to_number
   356 00000397 [5F01]             
   357 00000399 [0301][B703][0A00]-                         dw cfa_zero_branch,intskip,cfa_state,cfa_fetch
   357 0000039F [E600]             
   358 000003A1 [0301][B503][3E00]-                         dw cfa_zero_branch,intnc,cfa_last,cfa_fetch,cfa_dup
   358 000003A7 [E600][B000]       
   359 000003AB [E600][3E00][F100]-                         dw cfa_fetch,cfa_last,cfa_store,cfa_dp,cfa_store
   359 000003B1 [2800][F100]       
   360                                  intnc:
   361 000003B5 [5400]                                      dw cfa_abort
   362                                  intskip:
   363 000003B7 [A400][A400][0A00]-                         dw cfa_drop, cfa_drop, cfa_state, cfa_fetch
   363 000003BD [E600]             
   364 000003BF [0301][CB03][8500]-                         dw cfa_zero_branch,intdone,cfa_lit,cfa_lit,cfa_comma  
   364 000003C5 [8500][6F00]       
   365 000003C9 [6F00]                                      dw cfa_comma
   366                                  intdone:
   367 000003CB [1801][4B03]                                dw cfa_branch,interpt
   368 000003CF AD                      next:               lodsw               ; load word at [si] into ax, increment si by 2
   369 000003D0 97                                          xchg di,ax          ; di now holds the fetched cfa
   370 000003D1 FF25                                        jmp word[di]        ; indirect jump to the cfa
   371 000003D3 B407                    getchar:            mov ah,7
   372 000003D5 CD21                                        int 021h
   373 000003D7 B400                                        mov ah,0
   374 000003D9 C3                                          ret
   375 000003DA 92                      outchar:            xchg ax,dx
   376 000003DB B402                                        mov ah,2
   377 000003DD CD21                                        int 021h
   378 000003DF C3                                          ret
   379                                  freemem:
   380                                  
